8
7
0.0 0.0
1.0 1.0
1.0 0.0
1.0 -1.0
2.0 1.0
2.0 0.0
2.0 -1.0
3.0 0.0
1 2 1
1 4 3
2 5 1
3 6 1
5 6 1
6 7 5
6 8 2